rcc.c:22:6:rcc_setup	8	static
rcc.c:36:6:rcc_i2c3	4	static
rcc.c:40:6:rcc_gpio_porth	4	static
rcc.c:44:6:rcc_gptimer12	4	static
rcc.c:47:6:rcc_gptimer5	4	static
rcc.c:50:6:rcc_gptimer3	4	static
rcc.c:53:6:rcc_advtmr1	4	static
rcc.c:56:6:rcc_bsctmr6	4	static
rcc.c:59:6:rcc_bsctmr7	4	static
rcc.c:62:6:rcc_usart1	4	static
rcc.c:67:6:rcc_gpio_porta	4	static
rcc.c:70:6:rcc_gpio_portb	4	static
rcc.c:73:6:rcc_gpio_porti	4	static
rcc.c:76:6:rcc_dma1	4	static
rcc.c:79:6:rcc_dma2	4	static
rcc.c:82:6:rcc_init	16	static
